../Core/Src/stm32f4xx_hal_msp.c:63:6:HAL_MspInit	16	static
../Core/Src/stm32f4xx_hal_msp.c:85:6:HAL_I2C_MspInit	48	static
../Core/Src/stm32f4xx_hal_msp.c:129:6:HAL_I2C_MspDeInit	16	static
../Core/Src/stm32f4xx_hal_msp.c:160:6:HAL_SPI_MspInit	48	static
../Core/Src/stm32f4xx_hal_msp.c:196:6:HAL_SPI_MspDeInit	16	static
../Core/Src/stm32f4xx_hal_msp.c:225:6:HAL_UART_MspInit	48	static
../Core/Src/stm32f4xx_hal_msp.c:261:6:HAL_UART_MspDeInit	16	static
../Core/Src/stm32f4xx_hal_msp.c:286:13:HAL_FMC_MspInit	32	static
../Core/Src/stm32f4xx_hal_msp.c:393:6:HAL_SDRAM_MspInit	16	static
../Core/Src/stm32f4xx_hal_msp.c:405:13:HAL_FMC_MspDeInit	8	static
../Core/Src/stm32f4xx_hal_msp.c:480:6:HAL_SDRAM_MspDeInit	16	static
