../Drivers/CMSIS/Include/core_cm4.h:2064:26:ITM_SendChar	16	static,ignoring_inline_asm
../Core/Src/main.c:64:5:_write	32	static
../Core/Src/main.c:96:5:main	16	static
../Core/Src/main.c:152:6:SystemClock_Config	88	static
../Core/Src/main.c:198:13:MX_CRC_Init	8	static
../Core/Src/main.c:224:13:MX_DMA2D_Init	8	static
../Core/Src/main.c:261:13:MX_I2C3_Init	8	static
../Core/Src/main.c:309:13:MX_SPI5_Init	8	static
../Core/Src/main.c:347:13:MX_TIM1_Init	32	static
../Core/Src/main.c:393:13:MX_USART1_UART_Init	8	static
../Core/Src/main.c:426:13:MX_USART2_UART_Init	8	static
../Core/Src/main.c:455:13:MX_FMC_Init	40	static
../Core/Src/main.c:506:13:MX_GPIO_Init	64	static
../Core/Src/main.c:668:6:HAL_TIM_PeriodElapsedCallback	16	static
../Core/Src/main.c:685:6:Error_Handler	4	static,ignoring_inline_asm
